// Vitest Snapshot v1, https://vitest.dev/guide/snapshot.html

exports[`handles git metadata > expect git metadata to be available 1`] = `
"const repositoryUrl = "https://github.com/luxass/unplugin-build-meta";
const sha = "0d26380e72f1cc40efa0388abe3e2e998db9d772";
const shortSha = "0d26380e72";
const branch = "main";
const tag = null;
const tags = [];
const lastTag = null;
const commitAuthorName = "Lucas";
const commitAuthorEmail = "lucasnrgaard@gmail.com";
const commitAuthorDate = "2025-04-16T16:53:03+02:00";
const commitCommitterName = "Lucas";
const commitCommitterEmail = "lucasnrgaard@gmail.com";
const commitCommitterDate = "Wed Apr 16 16:53:03 2025 +0200";
const latestCommitMessage = "chore: fix eslint ignore";

var git = /*#__PURE__*/Object.freeze({
	__proto__: null,
	branch: branch,
	commitAuthorDate: commitAuthorDate,
	commitAuthorEmail: commitAuthorEmail,
	commitAuthorName: commitAuthorName,
	commitCommitterDate: commitCommitterDate,
	commitCommitterEmail: commitCommitterEmail,
	commitCommitterName: commitCommitterName,
	lastTag: lastTag,
	latestCommitMessage: latestCommitMessage,
	repositoryUrl: repositoryUrl,
	sha: sha,
	shortSha: shortSha,
	tag: tag,
	tags: tags
});

console.log(git);
"
`;

exports[`handles git metadata > expect specific git properties to be importable 1`] = `
"const sha = "0d26380e72f1cc40efa0388abe3e2e998db9d772";
const shortSha = "0d26380e72";
const branch = "main";

console.log({ branch, sha, shortSha });
"
`;
